method Main() {
    var x := 13;
    var y := 5* (x + 5);
var extractedVar := x == 15;

    if (extractedVar)
    {
        var x := 1;
        var y := 7 + (x + 5);
    }
}