method Main() {
    var x := 13;
    var y := 5* (x + 5);

    {
        var x := 1;
var extractedVar := x + 5;
        var y := 7 + (extractedVar);
    }
}