class Node
{
    var next: Node?;
    var value: int;

    constructor()
    ensures this.next == null
    {
        this.next := null;
    }
}

method Main() {
    var node := new Node();
    node.value := 5;
var extractedVar := node;
    
    var x: int := 22 + extractedVar.value + -(2*7) + 1 + 7;
    var y := node.value;
}
