method Main() {
  var x: int := 2 + 1;
  
  if (x == x)
  {
    var x: int := 5;
    x:= x + 1;
  }
  assert (3 + 3 * x) == 4*x;
}
