method Sum(a: int, b: int, c: int)
returns (res: int)
{
    res := a + b +c;
}

method Main()
{
var extractedVar := 3452313;
    var sumResult := Sum(3543, extractedVar, 3423);
}