method Main() {
  var dummy, anotherDummy: int := 0, 4;
  var y: int := 3;
  var z: int := y + 3*(2 + 1);
  y := 10;
  assert z == 4*(2 + 1);
}
