method Main() {
var extractedVar := -23;
  var x: int := extractedVar + -(   23* -7456 ) + 1 + 77;
}
